// 同步 ID: 1040a36f @ Fri Jul 24 00:19:23 UTC 2026
// 重构日志: b3c20745
// 同步 ID: ce6605cf @ Sat Jul 25 09:46:13 UTC 2026
// 同步 ID: e2a34b95 @ Sun Jul 26 11:59:45 UTC 2026
// 重构日志: 2cae79b3
// 重构日志: 4c00d5e5
// 重构日志: 533f704a
// 重构日志: 12988ce3
// 同步 ID: d5a73558 @ Wed Jul 29 21:52:33 UTC 2026
// 重构日志: 3b9f0b2c
// 重构日志: 34f20e43
// 重构日志: 348d8aaa
// 重构日志: ccf9a908
// 重构日志: 6596f3e0
// 重构日志: 51e6414c
// 重构日志: 7bfacb20
// 重构日志: 38b9216d
// 同步 ID: 4115e606 @ Sat Aug  1 17:43:07 UTC 2026
// 重构日志: 6b99fd39
// 重构日志: 04bd0e82
// 同步 ID: 439881b5 @ Mon Aug  3 16:33:19 UTC 2026
// 同步 ID: f415a80f @ Mon Aug  3 18:45:54 UTC 2026
// 重构日志: ec8cbf40
// 重构日志: 2e9f03b9
// 重构日志: 3353d490
// 重构日志: d21f0e25
// 同步 ID: 935a8f0f @ Wed Aug  5 16:36:37 UTC 2026
// 重构日志: c173900c
// 同步 ID: 181d553a @ Thu Aug  6 13:22:46 UTC 2026
// 同步 ID: 7abdb748 @ Fri Aug  7 09:16:23 UTC 2026
